// Jest Snapshot v1, https://goo.gl/fbAQLP

exports[`Login should match the snapshot 1`] = `
ShallowWrapper {
  "length": 1,
  Symbol(enzyme.__root__): [Circular],
  Symbol(enzyme.__unrendered__): <Login
    handleSubmit={[Function]}
/>,
  Symbol(enzyme.__renderer__): Object {
    "batchedUpdates": [Function],
    "getNode": [Function],
    "render": [Function],
    "simulateEvent": [Function],
    "unmount": [Function],
  },
  Symbol(enzyme.__node__): Object {
    "instance": null,
    "key": undefined,
    "nodeType": "host",
    "props": Object {
      "children": Array [
        <label
          htmlFor="username"
>
          Username: 
</label>,
        <input
          id="username"
          onChange={[Function]}
          placeholder="username"
          type="text"
          value=""
/>,
        <label
          htmlFor="password"
>
          Password: 
</label>,
        <input
          id="password"
          onChange={[Function]}
          placeholder="password"
          type="password"
          value=""
/>,
        <button>
          submit
</button>,
      ],
      "onSubmit": [Function],
    },
    "ref": null,
    "rendered": Array [
      Object {
        "instance": null,
        "key": undefined,
        "nodeType": "host",
        "props": Object {
          "children": "Username: ",
          "htmlFor": "username",
        },
        "ref": null,
        "rendered": "Username: ",
        "type": "label",
      },
      Object {
        "instance": null,
        "key": undefined,
        "nodeType": "host",
        "props": Object {
          "id": "username",
          "onChange": [Function],
          "placeholder": "username",
          "type": "text",
          "value": "",
        },
        "ref": null,
        "rendered": null,
        "type": "input",
      },
      Object {
        "instance": null,
        "key": undefined,
        "nodeType": "host",
        "props": Object {
          "children": "Password: ",
          "htmlFor": "password",
        },
        "ref": null,
        "rendered": "Password: ",
        "type": "label",
      },
      Object {
        "instance": null,
        "key": undefined,
        "nodeType": "host",
        "props": Object {
          "id": "password",
          "onChange": [Function],
          "placeholder": "password",
          "type": "password",
          "value": "",
        },
        "ref": null,
        "rendered": null,
        "type": "input",
      },
      Object {
        "instance": null,
        "key": undefined,
        "nodeType": "host",
        "props": Object {
          "children": "submit",
        },
        "ref": null,
        "rendered": "submit",
        "type": "button",
      },
    ],
    "type": "form",
  },
  Symbol(enzyme.__nodes__): Array [
    Object {
      "instance": null,
      "key": undefined,
      "nodeType": "host",
      "props": Object {
        "children": Array [
          <label
            htmlFor="username"
>
            Username: 
</label>,
          <input
            id="username"
            onChange={[Function]}
            placeholder="username"
            type="text"
            value=""
/>,
          <label
            htmlFor="password"
>
            Password: 
</label>,
          <input
            id="password"
            onChange={[Function]}
            placeholder="password"
            type="password"
            value=""
/>,
          <button>
            submit
</button>,
        ],
        "onSubmit": [Function],
      },
      "ref": null,
      "rendered": Array [
        Object {
          "instance": null,
          "key": undefined,
          "nodeType": "host",
          "props": Object {
            "children": "Username: ",
            "htmlFor": "username",
          },
          "ref": null,
          "rendered": "Username: ",
          "type": "label",
        },
        Object {
          "instance": null,
          "key": undefined,
          "nodeType": "host",
          "props": Object {
            "id": "username",
            "onChange": [Function],
            "placeholder": "username",
            "type": "text",
            "value": "",
          },
          "ref": null,
          "rendered": null,
          "type": "input",
        },
        Object {
          "instance": null,
          "key": undefined,
          "nodeType": "host",
          "props": Object {
            "children": "Password: ",
            "htmlFor": "password",
          },
          "ref": null,
          "rendered": "Password: ",
          "type": "label",
        },
        Object {
          "instance": null,
          "key": undefined,
          "nodeType": "host",
          "props": Object {
            "id": "password",
            "onChange": [Function],
            "placeholder": "password",
            "type": "password",
            "value": "",
          },
          "ref": null,
          "rendered": null,
          "type": "input",
        },
        Object {
          "instance": null,
          "key": undefined,
          "nodeType": "host",
          "props": Object {
            "children": "submit",
          },
          "ref": null,
          "rendered": "submit",
          "type": "button",
        },
      ],
      "type": "form",
    },
  ],
  Symbol(enzyme.__options__): Object {
    "adapter": ReactSixteenAdapter {
      "options": Object {
        "enableComponentDidUpdateOnSetState": true,
      },
    },
  },
}
`;
