// Jest Snapshot v1, https://goo.gl/fbAQLP

exports[`Home should match the snapshot 1`] = `
ShallowWrapper {
  "length": 1,
  Symbol(enzyme.__root__): [Circular],
  Symbol(enzyme.__unrendered__): <Unknown
    movies={
        Array [
            Object {
              "adult": "false",
              "backdrop_path": "/ut3n6iLMF79vDqyKFU6PeojZZpQ.jpg",
              "genre_ids": "[28, 12, 14, 878]",
              "id": "284054",
              "original_language": "en",
              "original_title": "Black Panther",
              "overview": "King T'Challa returns home from America to the reclusive, technologically advanced African nation of Wakanda to serve as his country's new leader. However, T'Challa soon finds that he is challenged for the throne by factions within his own country as well as without.  Using powers reserved to Wakandan kings, T'Challa assumes the Black Panther mantel to join with girlfriend Nakia, the queen-mother, his princess-kid sister,  members of the Dora Milaje (the Wakandan 'special forces'), and an American secret agent, to prevent Wakanda from being dragged into a world war.",
              "popularity": "249.862248",
              "poster_path": "/uxzzxijgPIY7slzFvMotPv8wjKA.jpg",
              "release_date": "2018-02-13",
              "title": "Black Panther",
              "video": "false",
              "vote_average": "7.4",
              "vote_count": "3582",
            },
          ]
    }
/>,
  Symbol(enzyme.__renderer__): Object {
    "batchedUpdates": [Function],
    "getNode": [Function],
    "render": [Function],
    "simulateEvent": [Function],
    "unmount": [Function],
  },
  Symbol(enzyme.__node__): Object {
    "instance": null,
    "key": undefined,
    "nodeType": "host",
    "props": Object {
      "children": Array [
        <Unknown
          movieInfo={
                    Object {
                              "adult": "false",
                              "backdrop_path": "/ut3n6iLMF79vDqyKFU6PeojZZpQ.jpg",
                              "genre_ids": "[28, 12, 14, 878]",
                              "id": "284054",
                              "original_language": "en",
                              "original_title": "Black Panther",
                              "overview": "King T'Challa returns home from America to the reclusive, technologically advanced African nation of Wakanda to serve as his country's new leader. However, T'Challa soon finds that he is challenged for the throne by factions within his own country as well as without.  Using powers reserved to Wakandan kings, T'Challa assumes the Black Panther mantel to join with girlfriend Nakia, the queen-mother, his princess-kid sister,  members of the Dora Milaje (the Wakandan 'special forces'), and an American secret agent, to prevent Wakanda from being dragged into a world war.",
                              "popularity": "249.862248",
                              "poster_path": "/uxzzxijgPIY7slzFvMotPv8wjKA.jpg",
                              "release_date": "2018-02-13",
                              "title": "Black Panther",
                              "video": "false",
                              "vote_average": "7.4",
                              "vote_count": "3582",
                            }
          }
/>,
      ],
      "className": "home-now-playing",
    },
    "ref": null,
    "rendered": Array [
      Object {
        "instance": null,
        "key": "0",
        "nodeType": "function",
        "props": Object {
          "movieInfo": Object {
            "adult": "false",
            "backdrop_path": "/ut3n6iLMF79vDqyKFU6PeojZZpQ.jpg",
            "genre_ids": "[28, 12, 14, 878]",
            "id": "284054",
            "original_language": "en",
            "original_title": "Black Panther",
            "overview": "King T'Challa returns home from America to the reclusive, technologically advanced African nation of Wakanda to serve as his country's new leader. However, T'Challa soon finds that he is challenged for the throne by factions within his own country as well as without.  Using powers reserved to Wakandan kings, T'Challa assumes the Black Panther mantel to join with girlfriend Nakia, the queen-mother, his princess-kid sister,  members of the Dora Milaje (the Wakandan 'special forces'), and an American secret agent, to prevent Wakanda from being dragged into a world war.",
            "popularity": "249.862248",
            "poster_path": "/uxzzxijgPIY7slzFvMotPv8wjKA.jpg",
            "release_date": "2018-02-13",
            "title": "Black Panther",
            "video": "false",
            "vote_average": "7.4",
            "vote_count": "3582",
          },
        },
        "ref": null,
        "rendered": null,
        "type": [Function],
      },
    ],
    "type": "div",
  },
  Symbol(enzyme.__nodes__): Array [
    Object {
      "instance": null,
      "key": undefined,
      "nodeType": "host",
      "props": Object {
        "children": Array [
          <Unknown
            movieInfo={
                        Object {
                                    "adult": "false",
                                    "backdrop_path": "/ut3n6iLMF79vDqyKFU6PeojZZpQ.jpg",
                                    "genre_ids": "[28, 12, 14, 878]",
                                    "id": "284054",
                                    "original_language": "en",
                                    "original_title": "Black Panther",
                                    "overview": "King T'Challa returns home from America to the reclusive, technologically advanced African nation of Wakanda to serve as his country's new leader. However, T'Challa soon finds that he is challenged for the throne by factions within his own country as well as without.  Using powers reserved to Wakandan kings, T'Challa assumes the Black Panther mantel to join with girlfriend Nakia, the queen-mother, his princess-kid sister,  members of the Dora Milaje (the Wakandan 'special forces'), and an American secret agent, to prevent Wakanda from being dragged into a world war.",
                                    "popularity": "249.862248",
                                    "poster_path": "/uxzzxijgPIY7slzFvMotPv8wjKA.jpg",
                                    "release_date": "2018-02-13",
                                    "title": "Black Panther",
                                    "video": "false",
                                    "vote_average": "7.4",
                                    "vote_count": "3582",
                                  }
            }
/>,
        ],
        "className": "home-now-playing",
      },
      "ref": null,
      "rendered": Array [
        Object {
          "instance": null,
          "key": "0",
          "nodeType": "function",
          "props": Object {
            "movieInfo": Object {
              "adult": "false",
              "backdrop_path": "/ut3n6iLMF79vDqyKFU6PeojZZpQ.jpg",
              "genre_ids": "[28, 12, 14, 878]",
              "id": "284054",
              "original_language": "en",
              "original_title": "Black Panther",
              "overview": "King T'Challa returns home from America to the reclusive, technologically advanced African nation of Wakanda to serve as his country's new leader. However, T'Challa soon finds that he is challenged for the throne by factions within his own country as well as without.  Using powers reserved to Wakandan kings, T'Challa assumes the Black Panther mantel to join with girlfriend Nakia, the queen-mother, his princess-kid sister,  members of the Dora Milaje (the Wakandan 'special forces'), and an American secret agent, to prevent Wakanda from being dragged into a world war.",
              "popularity": "249.862248",
              "poster_path": "/uxzzxijgPIY7slzFvMotPv8wjKA.jpg",
              "release_date": "2018-02-13",
              "title": "Black Panther",
              "video": "false",
              "vote_average": "7.4",
              "vote_count": "3582",
            },
          },
          "ref": null,
          "rendered": null,
          "type": [Function],
        },
      ],
      "type": "div",
    },
  ],
  Symbol(enzyme.__options__): Object {
    "adapter": ReactSixteenAdapter {
      "options": Object {
        "enableComponentDidUpdateOnSetState": true,
      },
    },
  },
}
`;
